1. /temps(4 hits)
2. /temps/4IF16.html(3 hits)
3. /temps/style_emploi_du_temps.css(2 hits)
4. /temps/4IF19.html(2 hits)
5. /temps/3IF47.html(1 hits)
6. /temps/3IF46.html(1 hits)
7. /temps/3IF45.html(1 hits)
8. /temps/3IF44.html(1 hits)
9. /temps/3IF43.html(1 hits)
10. /temps/3IF42.html(1 hits)