Format du fichier invalide, veuillez entrer un fichier .log ou .txt.
Entrez './analog -h' ou './analog --help' pour obtenir la liste des commandes
