Le fichier fourni est vide.
Entrez './analog -h' ou './analog --help' pour obtenir la liste des commandes