1. /temps/4IF19.html(1 hits)
2. /temps/4IF16.html(1 hits)