1. /temps/4IF16.html(3 hits)
2. /temps/4IF19.html(2 hits)
3. /temps/4IF18.html(1 hits)