Erreur d'ouverture de <anonyme.log> dans Reader. Vérifiez que le chemin d'accès est correct et que le fichié existe bien.
