1. /temps(4 hits)
2. /temps/4IF16.html(2 hits)
3. /temps/style_emploi_du_temps.doc(1 hits)
4. /temps/4IF19.php(1 hits)
5. /temps/4IF19.ics(1 hits)
6. /temps/4IF16.xlm(1 hits)