Veuillez entrer une heure entre 0 et 24.
Entrez './analog -h' ou './analog --help' pour obtenir la liste des commandes
