1. /temps(4 hits)
2. /temps/4IF16.html(3 hits)
3. /temps/style_emploi_du_temps.css(2 hits)
4. /temps/4IF19.html(2 hits)
5. /temps/3IF38.html(1 hits)